EN adder NULL D:/ASSGN3_Final/SCHEMATIC2_ITER/Adder.vhd sub00/vhpl06 1414346826
EN inputport2x8bit NULL D:/ASSGN3_Final/SCHEMATIC2_ITER/InPort2X8bit.vhd sub00/vhpl16 1414346834
AR rommstein behavioral D:/ASSGN3_Final/SCHEMATIC2_ITER/ROMMSTEIN.vhd sub00/vhpl21 1414347232
EN rommstein NULL D:/ASSGN3_Final/SCHEMATIC2_ITER/ROMMSTEIN.vhd sub00/vhpl20 1414347231
AR alu_t behavioral D:/ASSGN3_Final/SCHEMATIC2_ITER/ALU_T.vhf sub00/vhpl09 1414346847
AR stt_2 behavioral D:/ASSGN3_Final/SCHEMATIC2_ITER/stt_2.vhd sub00/vhpl25 1414340158
EN alu_t NULL D:/ASSGN3_Final/SCHEMATIC2_ITER/ALU_T.vhf sub00/vhpl08 1414346846
EN stt_2 NULL D:/ASSGN3_Final/SCHEMATIC2_ITER/stt_2.vhd sub00/vhpl24 1414340157
AR outport2x8bit behavioral D:/ASSGN3_Final/SCHEMATIC2_ITER/OutPort2X8bit.vhd sub00/vhpl19 1414346837
EN mc NULL D:/ASSGN3_Final/SCHEMATIC2_ITER/MC.vhf sub00/vhpl12 1414346844
EN mux4to1 NULL D:/ASSGN3_Final/SCHEMATIC2_ITER/MUX4to1.vhd sub00/vhpl02 1414346824
AR mux1to4 behavioral D:/ASSGN3_Final/SCHEMATIC2_ITER/MUX1to4.vhd sub00/vhpl15 1414346833
EN mux1to4 NULL D:/ASSGN3_Final/SCHEMATIC2_ITER/MUX1to4.vhd sub00/vhpl14 1414346832
EN flipflop NULL D:/ASSGN3_Final/SCHEMATIC2_ITER/FLIPFLOP8bit.vhd sub00/vhpl00 1414346830
EN state_machine2 NULL D:/ASSGN3_Final/SCHEMATIC2_ITER/stt_2.vhd sub00/vhpl26 1414340221
EN alu_t_muser_mc NULL D:/ASSGN3_Final/SCHEMATIC2_ITER/MC.vhf sub00/vhpl10 1414346842
AR inputport2x8bit behavioral D:/ASSGN3_Final/SCHEMATIC2_ITER/InPort2X8bit.vhd sub00/vhpl17 1414346835
AR adder behavioral D:/ASSGN3_Final/SCHEMATIC2_ITER/Adder.vhd sub00/vhpl07 1414346827
AR alu behavioral D:/ASSGN3_Final/SCHEMATIC2_ITER/ALU.vhd sub00/vhpl05 1414346823
AR state_machine behavioral D:/ASSGN3_Final/SCHEMATIC2_ITER/STATE_MACHINE.vhd sub00/vhpl23 1414347898
AR alu_t_muser_mc behavioral D:/ASSGN3_Final/SCHEMATIC2_ITER/MC.vhf sub00/vhpl11 1414346843
AR mux4to1 behavioral D:/ASSGN3_Final/SCHEMATIC2_ITER/MUX4to1.vhd sub00/vhpl03 1414346825
AR mc behavioral D:/ASSGN3_Final/SCHEMATIC2_ITER/MC.vhf sub00/vhpl13 1414346845
EN outport2x8bit NULL D:/ASSGN3_Final/SCHEMATIC2_ITER/OutPort2X8bit.vhd sub00/vhpl18 1414346836
EN state_machine NULL D:/ASSGN3_Final/SCHEMATIC2_ITER/STATE_MACHINE.vhd sub00/vhpl22 1414347897
AR flipflop behavioral D:/ASSGN3_Final/SCHEMATIC2_ITER/FLIPFLOP8bit.vhd sub00/vhpl01 1414346831
AR state_machine2 behavioral D:/ASSGN3_Final/SCHEMATIC2_ITER/stt_2.vhd sub00/vhpl27 1414340222
EN alu NULL D:/ASSGN3_Final/SCHEMATIC2_ITER/ALU.vhd sub00/vhpl04 1414346822
