EN adder NULL D:/ASSGN3_Final/SCHEMATIC2_ITER/Adder.vhd sub00/vhpl06 1414404855
EN inputport2x8bit NULL D:/ASSGN3_Final/SCHEMATIC2_ITER/InPort2X8bit.vhd sub00/vhpl16 1414404859
AR rommstein behavioral D:/ASSGN3_Final/SCHEMATIC2_ITER/ROMMSTEIN.vhd sub00/vhpl21 1414404864
EN rommstein NULL D:/ASSGN3_Final/SCHEMATIC2_ITER/ROMMSTEIN.vhd sub00/vhpl20 1414404863
AR alu_t behavioral D:/ASSGN3_Final/SCHEMATIC2_ITER/ALU_T.vhf sub00/vhpl09 1414404872
AR stt_2 behavioral D:/ASSGN3_Final/SCHEMATIC2_ITER/stt_2.vhd sub00/vhpl25 1414340158
EN alu_t NULL D:/ASSGN3_Final/SCHEMATIC2_ITER/ALU_T.vhf sub00/vhpl08 1414404871
EN stt_2 NULL D:/ASSGN3_Final/SCHEMATIC2_ITER/stt_2.vhd sub00/vhpl24 1414340157
AR outport2x8bit behavioral D:/ASSGN3_Final/SCHEMATIC2_ITER/OutPort2X8bit.vhd sub00/vhpl19 1414404862
EN mc NULL D:/ASSGN3_Final/SCHEMATIC2_ITER/MC.vhf sub00/vhpl12 1414404869
EN mux4to1 NULL D:/ASSGN3_Final/SCHEMATIC2_ITER/MUX4to1.vhd sub00/vhpl02 1414404853
AR mux1to4 behavioral D:/ASSGN3_Final/SCHEMATIC2_ITER/MUX1to4.vhd sub00/vhpl15 1414404858
EN mux1to4 NULL D:/ASSGN3_Final/SCHEMATIC2_ITER/MUX1to4.vhd sub00/vhpl14 1414404857
EN flipflop NULL D:/ASSGN3_Final/SCHEMATIC2_ITER/FLIPFLOP8bit.vhd sub00/vhpl00 1414401662
EN state_machine2 NULL D:/ASSGN3_Final/SCHEMATIC2_ITER/stt_2.vhd sub00/vhpl26 1414340221
EN alu_t_muser_mc NULL D:/ASSGN3_Final/SCHEMATIC2_ITER/MC.vhf sub00/vhpl10 1414404867
AR inputport2x8bit behavioral D:/ASSGN3_Final/SCHEMATIC2_ITER/InPort2X8bit.vhd sub00/vhpl17 1414404860
AR adder behavioral D:/ASSGN3_Final/SCHEMATIC2_ITER/Adder.vhd sub00/vhpl07 1414404856
AR alu behavioral D:/ASSGN3_Final/SCHEMATIC2_ITER/ALU.vhd sub00/vhpl05 1414404852
AR state_machine behavioral D:/ASSGN3_Final/SCHEMATIC2_ITER/STATE_MACHINE.vhd sub00/vhpl23 1414404866
AR alu_t_muser_mc behavioral D:/ASSGN3_Final/SCHEMATIC2_ITER/MC.vhf sub00/vhpl11 1414404868
AR mux4to1 behavioral D:/ASSGN3_Final/SCHEMATIC2_ITER/MUX4to1.vhd sub00/vhpl03 1414404854
AR mc behavioral D:/ASSGN3_Final/SCHEMATIC2_ITER/MC.vhf sub00/vhpl13 1414404870
EN outport2x8bit NULL D:/ASSGN3_Final/SCHEMATIC2_ITER/OutPort2X8bit.vhd sub00/vhpl18 1414404861
EN state_machine NULL D:/ASSGN3_Final/SCHEMATIC2_ITER/STATE_MACHINE.vhd sub00/vhpl22 1414404865
AR flipflop behavioral D:/ASSGN3_Final/SCHEMATIC2_ITER/FLIPFLOP8bit.vhd sub00/vhpl01 1414401663
AR state_machine2 behavioral D:/ASSGN3_Final/SCHEMATIC2_ITER/stt_2.vhd sub00/vhpl27 1414340222
EN alu NULL D:/ASSGN3_Final/SCHEMATIC2_ITER/ALU.vhd sub00/vhpl04 1414404851
