EN adder NULL D:/ASSGN3_Final/SCHEMATIC2_ITER/Adder.vhd sub00/vhpl06 1414601496
EN inputport2x8bit NULL D:/ASSGN3_Final/SCHEMATIC2_ITER/InPort2X8bit.vhd sub00/vhpl16 1414601500
AR rommstein behavioral D:/ASSGN3_Final/SCHEMATIC2_ITER/ROMMSTEIN.vhd sub00/vhpl21 1414601505
EN rommstein NULL D:/ASSGN3_Final/SCHEMATIC2_ITER/ROMMSTEIN.vhd sub00/vhpl20 1414601504
AR alu_t behavioral D:/ASSGN3_Final/SCHEMATIC2_ITER/ALU_T.vhf sub00/vhpl09 1414601513
AR stt_2 behavioral D:/ASSGN3_Final/SCHEMATIC2_ITER/stt_2.vhd sub00/vhpl25 1414340158
EN alu_t NULL D:/ASSGN3_Final/SCHEMATIC2_ITER/ALU_T.vhf sub00/vhpl08 1414601512
EN stt_2 NULL D:/ASSGN3_Final/SCHEMATIC2_ITER/stt_2.vhd sub00/vhpl24 1414340157
AR outport2x8bit behavioral D:/ASSGN3_Final/SCHEMATIC2_ITER/OutPort2X8bit.vhd sub00/vhpl19 1414601503
EN mc NULL D:/ASSGN3_Final/SCHEMATIC2_ITER/MC.vhf sub00/vhpl12 1414601510
EN mux4to1 NULL D:/ASSGN3_Final/SCHEMATIC2_ITER/MUX4to1.vhd sub00/vhpl02 1414601494
AR mux1to4 behavioral D:/ASSGN3_Final/SCHEMATIC2_ITER/MUX1to4.vhd sub00/vhpl15 1414601499
EN mux1to4 NULL D:/ASSGN3_Final/SCHEMATIC2_ITER/MUX1to4.vhd sub00/vhpl14 1414601498
EN flipflop NULL D:/ASSGN3_Final/SCHEMATIC2_ITER/FLIPFLOP8bit.vhd sub00/vhpl00 1414401662
EN state_machine2 NULL D:/ASSGN3_Final/SCHEMATIC2_ITER/stt_2.vhd sub00/vhpl26 1414340221
EN alu_t_muser_mc NULL D:/ASSGN3_Final/SCHEMATIC2_ITER/MC.vhf sub00/vhpl10 1414601508
AR inputport2x8bit behavioral D:/ASSGN3_Final/SCHEMATIC2_ITER/InPort2X8bit.vhd sub00/vhpl17 1414601501
AR adder behavioral D:/ASSGN3_Final/SCHEMATIC2_ITER/Adder.vhd sub00/vhpl07 1414601497
AR alu behavioral D:/ASSGN3_Final/SCHEMATIC2_ITER/ALU.vhd sub00/vhpl05 1414601493
AR state_machine behavioral D:/ASSGN3_Final/SCHEMATIC2_ITER/STATE_MACHINE.vhd sub00/vhpl23 1414601507
AR alu_t_muser_mc behavioral D:/ASSGN3_Final/SCHEMATIC2_ITER/MC.vhf sub00/vhpl11 1414601509
AR mux4to1 behavioral D:/ASSGN3_Final/SCHEMATIC2_ITER/MUX4to1.vhd sub00/vhpl03 1414601495
AR mc behavioral D:/ASSGN3_Final/SCHEMATIC2_ITER/MC.vhf sub00/vhpl13 1414601511
EN outport2x8bit NULL D:/ASSGN3_Final/SCHEMATIC2_ITER/OutPort2X8bit.vhd sub00/vhpl18 1414601502
EN state_machine NULL D:/ASSGN3_Final/SCHEMATIC2_ITER/STATE_MACHINE.vhd sub00/vhpl22 1414601506
AR flipflop behavioral D:/ASSGN3_Final/SCHEMATIC2_ITER/FLIPFLOP8bit.vhd sub00/vhpl01 1414401663
AR state_machine2 behavioral D:/ASSGN3_Final/SCHEMATIC2_ITER/stt_2.vhd sub00/vhpl27 1414340222
EN alu NULL D:/ASSGN3_Final/SCHEMATIC2_ITER/ALU.vhd sub00/vhpl04 1414601492
