V3 54
FL D:/ASSGN3_Final/SCHEMATIC2_ITER/Adder.vhd 2014/10/26.06:22:16 P.20131013
EN work/Adder 1414346826 FL D:/ASSGN3_Final/SCHEMATIC2_ITER/Adder.vhd \
      PB ieee/std_logic_1164 1381692176
AR work/Adder/Behavioral 1414346827 \
      FL D:/ASSGN3_Final/SCHEMATIC2_ITER/Adder.vhd EN work/Adder 1414346826
FL D:/ASSGN3_Final/SCHEMATIC2_ITER/ALU.vhd 2014/10/26.06:20:42 P.20131013
EN work/ALU 1414346822 FL D:/ASSGN3_Final/SCHEMATIC2_ITER/ALU.vhd \
      PB ieee/std_logic_1164 1381692176
AR work/ALU/Behavioral 1414346823 \
      FL D:/ASSGN3_Final/SCHEMATIC2_ITER/ALU.vhd EN work/ALU 1414346822
FL D:/ASSGN3_Final/SCHEMATIC2_ITER/ALU_T.vhf 2014/10/26.19:06:59 P.20131013
EN work/ALU_T 1414346846 FL D:/ASSGN3_Final/SCHEMATIC2_ITER/ALU_T.vhf \
      PB ieee/std_logic_1164 1381692176 PB ieee/NUMERIC_STD 1381692181 LB UNISIM \
      PH unisim/VCOMPONENTS 1381692182
AR work/ALU_T/BEHAVIORAL 1414346847 \
      FL D:/ASSGN3_Final/SCHEMATIC2_ITER/ALU_T.vhf EN work/ALU_T 1414346846 CP ALU \
      CP MUX4to1 CP Adder
FL D:/ASSGN3_Final/SCHEMATIC2_ITER/FLIPFLOP8bit.vhd 2014/10/26.06:13:39 P.20131013
EN work/FLIPFLOP 1414346830 FL D:/ASSGN3_Final/SCHEMATIC2_ITER/FLIPFLOP8bit.vhd \
      PB ieee/std_logic_1164 1381692176
AR work/FLIPFLOP/Behavioral 1414346831 \
      FL D:/ASSGN3_Final/SCHEMATIC2_ITER/FLIPFLOP8bit.vhd EN work/FLIPFLOP 1414346830
FL D:/ASSGN3_Final/SCHEMATIC2_ITER/InPort2X8bit.vhd 2014/10/26.06:53:10 P.20131013
EN work/InputPort2X8bit 1414346834 \
      FL D:/ASSGN3_Final/SCHEMATIC2_ITER/InPort2X8bit.vhd PB ieee/std_logic_1164 1381692176
AR work/InputPort2X8bit/Behavioral 1414346835 \
      FL D:/ASSGN3_Final/SCHEMATIC2_ITER/InPort2X8bit.vhd EN work/InputPort2X8bit 1414346834
FL D:/ASSGN3_Final/SCHEMATIC2_ITER/MC.vhf 2014/10/26.19:06:59 P.20131013
EN work/ALU_T_MUSER_MC 1414346842 FL D:/ASSGN3_Final/SCHEMATIC2_ITER/MC.vhf \
      PB ieee/std_logic_1164 1381692176 PB ieee/NUMERIC_STD 1381692181 LB UNISIM \
      PH unisim/VCOMPONENTS 1381692182
AR work/ALU_T_MUSER_MC/BEHAVIORAL 1414346843 \
      FL D:/ASSGN3_Final/SCHEMATIC2_ITER/MC.vhf EN work/ALU_T_MUSER_MC 1414346842 \
      CP ALU CP MUX4to1 CP Adder
EN work/MC 1414346844 \
      FL D:/ASSGN3_Final/SCHEMATIC2_ITER/MC.vhf PB ieee/std_logic_1164 1381692176 \
      PB ieee/NUMERIC_STD 1381692181 LB UNISIM PH unisim/VCOMPONENTS 1381692182
AR work/MC/BEHAVIORAL 1414346845 \
      FL D:/ASSGN3_Final/SCHEMATIC2_ITER/MC.vhf EN work/MC 1414346844 \
      CP ALU_T_MUSER_MC CP MUX4to1 CP FLIPFLOP CP MUX1to4 CP InputPort2X8bit \
      CP OutPort2X8bit CP ROMMSTEIN CP STATE_MACHINE
FL D:/ASSGN3_Final/SCHEMATIC2_ITER/MUX1to4.vhd 2014/10/26.06:51:08 P.20131013
EN work/MUX1to4 1414346832 FL D:/ASSGN3_Final/SCHEMATIC2_ITER/MUX1to4.vhd \
      PB ieee/std_logic_1164 1381692176
AR work/MUX1to4/Behavioral 1414346833 \
      FL D:/ASSGN3_Final/SCHEMATIC2_ITER/MUX1to4.vhd EN work/MUX1to4 1414346832
FL D:/ASSGN3_Final/SCHEMATIC2_ITER/MUX4to1.vhd 2014/10/26.06:15:17 P.20131013
EN work/MUX4to1 1414346824 FL D:/ASSGN3_Final/SCHEMATIC2_ITER/MUX4to1.vhd \
      PB ieee/std_logic_1164 1381692176
AR work/MUX4to1/Behavioral 1414346825 \
      FL D:/ASSGN3_Final/SCHEMATIC2_ITER/MUX4to1.vhd EN work/MUX4to1 1414346824
FL D:/ASSGN3_Final/SCHEMATIC2_ITER/OutPort2X8bit.vhd 2014/10/26.06:55:44 P.20131013
EN work/OutPort2X8bit 1414346836 \
      FL D:/ASSGN3_Final/SCHEMATIC2_ITER/OutPort2X8bit.vhd PB ieee/std_logic_1164 1381692176
AR work/OutPort2X8bit/Behavioral 1414346837 \
      FL D:/ASSGN3_Final/SCHEMATIC2_ITER/OutPort2X8bit.vhd EN work/OutPort2X8bit 1414346836
FL D:/ASSGN3_Final/SCHEMATIC2_ITER/ROMMSTEIN.vhd 2014/10/26.19:13:25 P.20131013
EN work/ROMMSTEIN 1414347231 FL D:/ASSGN3_Final/SCHEMATIC2_ITER/ROMMSTEIN.vhd \
      PB ieee/std_logic_1164 1381692176 PB ieee/STD_LOGIC_UNSIGNED 1381692179
AR work/ROMMSTEIN/Behavioral 1414347232 \
      FL D:/ASSGN3_Final/SCHEMATIC2_ITER/ROMMSTEIN.vhd EN work/ROMMSTEIN 1414347231
FL D:/ASSGN3_Final/SCHEMATIC2_ITER/STATE_MACHINE.vhd 2014/10/26.19:24:53 P.20131013
EN work/STATE_MACHINE 1414347897 \
      FL D:/ASSGN3_Final/SCHEMATIC2_ITER/STATE_MACHINE.vhd PB ieee/std_logic_1164 1381692176 \
      PB ieee/STD_LOGIC_UNSIGNED 1381692179
AR work/STATE_MACHINE/Behavioral 1414347898 \
      FL D:/ASSGN3_Final/SCHEMATIC2_ITER/STATE_MACHINE.vhd EN work/STATE_MACHINE 1414347897
FL D:/ASSGN3_Final/SCHEMATIC2_ITER/stt_.vhd 2014/10/26.17:13:34 P.20131013
EN work/stt 0 FL D:/ASSGN3_Final/SCHEMATIC2_ITER/stt_.vhd PB ieee/std_logic_1164 1381692176
AR work/stt/Behavioral 0 \
      FL D:/ASSGN3_Final/SCHEMATIC2_ITER/stt_.vhd EN work/stt 0
FL D:/ASSGN3_Final/SCHEMATIC2_ITER/stt_2.vhd 2014/10/26.17:16:27 P.20131013
AR work/stt_2/Behavioral 1414340158 FL D:/ASSGN3_Final/SCHEMATIC2_ITER/stt_2.vhd \
      EN work/stt_2 1414340157
EN work/STATE_MACHINE2 1414340221 \
      FL D:/ASSGN3_Final/SCHEMATIC2_ITER/stt_2.vhd PB ieee/std_logic_1164 1381692176 \
      PB ieee/STD_LOGIC_UNSIGNED 1381692179
AR work/STATE_MACHINE2/Behavioral 1414340222 \
      FL D:/ASSGN3_Final/SCHEMATIC2_ITER/stt_2.vhd EN work/STATE_MACHINE2 1414340221
